[]
[0]
[1]
[1, 2]
[1, 2]
[2, 4, 7]
[2, 14, 70]
[41, 191, 298, 433, 486, 495, 515, 518, 664, 736, 1023]
[25, 86, 104, 332, 352, 516, 567, 583, 644, 658, 1021]
[97, 99, 334, 506, 628, 948, 954, 957]
[10, 521, 564, 829, 912, 950, 994]
[32, 68, 325, 483, 581, 588, 718, 731, 812, 821, 997]
[130, 166, 186, 191, 223, 336, 433, 442, 521, 539, 774]
[1, 405]
[37, 71, 182, 515, 563, 586, 771, 962, 975, 984, 1001]
[260, 506, 561, 570, 649, 707, 710, 719, 719, 931]
[299, 386, 601, 680, 704, 772, 858]
[84, 109, 384, 482, 651, 831, 832, 832, 847, 988, 999, 1015]
[0, 1, 2, 3, 4, 5, 6, 7, 8, 9, 10]
[1, 1, 2, 3, 3, 4]
[0, 1, 5, 22, 22, 44, 44, 837]
